20:35:58 **** Incremental Build of configuration Debug for project 18_Systick_Interrupt ****
make -j4 all 
arm-none-eabi-gcc -mcpu=cortex-m4 -g3 -c -x assembler-with-cpp -MMD -MP -MF"Startup/startup_stm32f411retx.d" -MT"Startup/startup_stm32f411retx.o" --specs=nano.specs -mfpu=fpv4-sp-d16 -mfloat-abi=hard -mthumb -o "Startup/startup_stm32f411retx.o" "../Startup/startup_stm32f411retx.s"
arm-none-eabi-gcc "../Src/adc.c" -mcpu=cortex-m4 -std=gnu11 -g3 -DSTM32 -DSTM32F4 -DSTM32F411RETx -DDEBUG -DSTM32F411xE -c -I../Inc -I"C:/Users/Israel/Documents/STM32F4-BareMetal_Workspace/18_Systick_Interrupt/Drivers/CMSIS/Device/ST/STM32F4xx/Include" -I"C:/Users/Israel/Documents/STM32F4-BareMetal_Workspace/18_Systick_Interrupt/Drivers/CMSIS/Include" -O0 -ffunction-sections -fdata-sections -Wall -fstack-usage -MMD -MP -MF"Src/adc.d" -MT"Src/adc.o" --specs=nano.specs -mfpu=fpv4-sp-d16 -mfloat-abi=hard -mthumb -o "Src/adc.o"
arm-none-eabi-gcc "../Src/main.c" -mcpu=cortex-m4 -std=gnu11 -g3 -DSTM32 -DSTM32F4 -DSTM32F411RETx -DDEBUG -DSTM32F411xE -c -I../Inc -I"C:/Users/Israel/Documents/STM32F4-BareMetal_Workspace/18_Systick_Interrupt/Drivers/CMSIS/Device/ST/STM32F4xx/Include" -I"C:/Users/Israel/Documents/STM32F4-BareMetal_Workspace/18_Systick_Interrupt/Drivers/CMSIS/Include" -O0 -ffunction-sections -fdata-sections -Wall -fstack-usage -MMD -MP -MF"Src/main.d" -MT"Src/main.o" --specs=nano.specs -mfpu=fpv4-sp-d16 -mfloat-abi=hard -mthumb -o "Src/main.o"
arm-none-eabi-gcc "../Src/syscalls.c" -mcpu=cortex-m4 -std=gnu11 -g3 -DSTM32 -DSTM32F4 -DSTM32F411RETx -DDEBUG -DSTM32F411xE -c -I../Inc -I"C:/Users/Israel/Documents/STM32F4-BareMetal_Workspace/18_Systick_Interrupt/Drivers/CMSIS/Device/ST/STM32F4xx/Include" -I"C:/Users/Israel/Documents/STM32F4-BareMetal_Workspace/18_Systick_Interrupt/Drivers/CMSIS/Include" -O0 -ffunction-sections -fdata-sections -Wall -fstack-usage -MMD -MP -MF"Src/syscalls.d" -MT"Src/syscalls.o" --specs=nano.specs -mfpu=fpv4-sp-d16 -mfloat-abi=hard -mthumb -o "Src/syscalls.o"
arm-none-eabi-gcc "../Src/sysmem.c" -mcpu=cortex-m4 -std=gnu11 -g3 -DSTM32 -DSTM32F4 -DSTM32F411RETx -DDEBUG -DSTM32F411xE -c -I../Inc -I"C:/Users/Israel/Documents/STM32F4-BareMetal_Workspace/18_Systick_Interrupt/Drivers/CMSIS/Device/ST/STM32F4xx/Include" -I"C:/Users/Israel/Documents/STM32F4-BareMetal_Workspace/18_Systick_Interrupt/Drivers/CMSIS/Include" -O0 -ffunction-sections -fdata-sections -Wall -fstack-usage -MMD -MP -MF"Src/sysmem.d" -MT"Src/sysmem.o" --specs=nano.specs -mfpu=fpv4-sp-d16 -mfloat-abi=hard -mthumb -o "Src/sysmem.o"
arm-none-eabi-gcc "../Src/systick.c" -mcpu=cortex-m4 -std=gnu11 -g3 -DSTM32 -DSTM32F4 -DSTM32F411RETx -DDEBUG -DSTM32F411xE -c -I../Inc -I"C:/Users/Israel/Documents/STM32F4-BareMetal_Workspace/18_Systick_Interrupt/Drivers/CMSIS/Device/ST/STM32F4xx/Include" -I"C:/Users/Israel/Documents/STM32F4-BareMetal_Workspace/18_Systick_Interrupt/Drivers/CMSIS/Include" -O0 -ffunction-sections -fdata-sections -Wall -fstack-usage -MMD -MP -MF"Src/systick.d" -MT"Src/systick.o" --specs=nano.specs -mfpu=fpv4-sp-d16 -mfloat-abi=hard -mthumb -o "Src/systick.o"
arm-none-eabi-gcc "../Src/uart.c" -mcpu=cortex-m4 -std=gnu11 -g3 -DSTM32 -DSTM32F4 -DSTM32F411RETx -DDEBUG -DSTM32F411xE -c -I../Inc -I"C:/Users/Israel/Documents/STM32F4-BareMetal_Workspace/18_Systick_Interrupt/Drivers/CMSIS/Device/ST/STM32F4xx/Include" -I"C:/Users/Israel/Documents/STM32F4-BareMetal_Workspace/18_Systick_Interrupt/Drivers/CMSIS/Include" -O0 -ffunction-sections -fdata-sections -Wall -fstack-usage -MMD -MP -MF"Src/uart.d" -MT"Src/uart.o" --specs=nano.specs -mfpu=fpv4-sp-d16 -mfloat-abi=hard -mthumb -o "Src/uart.o"
arm-none-eabi-gcc -o "18_Systick_Interrupt.elf" @"objects.list"   -mcpu=cortex-m4 -T"C:\Users\Israel\Documents\STM32F4-BareMetal_Workspace\18_Systick_Interrupt\STM32F411RETX_FLASH.ld" --specs=nosys.specs -Wl,-Map="18_Systick_Interrupt.map" -Wl,--gc-sections -static --specs=nano.specs -mfpu=fpv4-sp-d16 -mfloat-abi=hard -mthumb -Wl,--start-group -lc -lm -Wl,--end-group
Finished building target: 18_Systick_Interrupt.elf
 
arm-none-eabi-objdump -h -S  18_Systick_Interrupt.elf  > "18_Systick_Interrupt.list"
arm-none-eabi-objcopy  -O binary  18_Systick_Interrupt.elf  "18_Systick_Interrupt.bin"
arm-none-eabi-size   18_Systick_Interrupt.elf 
   text	   data	    bss	    dec	    hex	filename
   5560	    108	   1596	   7264	   1c60	18_Systick_Interrupt.elf
Finished building: default.size.stdout
 
Finished building: 18_Systick_Interrupt.bin
Finished building: 18_Systick_Interrupt.list
 
 

20:36:01 Build Finished. 0 errors, 0 warnings. (took 3s.356ms)

