20:37:40 **** Incremental Build of configuration Debug for project 2_gpio_output ****
make -j4 all 
arm-none-eabi-gcc -mcpu=cortex-m4 -g3 -c -x assembler-with-cpp -MMD -MP -MF"Startup/startup_stm32f411retx.d" -MT"Startup/startup_stm32f411retx.o" --specs=nano.specs -mfpu=fpv4-sp-d16 -mfloat-abi=hard -mthumb -o "Startup/startup_stm32f411retx.o" "../Startup/startup_stm32f411retx.s"
arm-none-eabi-gcc "../Src/main.c" -mcpu=cortex-m4 -std=gnu11 -g3 -DSTM32 -DSTM32F4 -DSTM32F411RETx -DDEBUG -DSTM32F411xE -c -I../Inc -I"C:/Users/Israel/Documents/STM32F4-BareMetal_Workspace/2_gpio_output/Drivers/CMSIS/Device/ST/STM32F4xx/Include" -I"C:/Users/Israel/Documents/STM32F4-BareMetal_Workspace/2_gpio_output/Drivers/CMSIS/Include" -O0 -ffunction-sections -fdata-sections -Wall -fstack-usage -MMD -MP -MF"Src/main.d" -MT"Src/main.o" --specs=nano.specs -mfpu=fpv4-sp-d16 -mfloat-abi=hard -mthumb -o "Src/main.o"
arm-none-eabi-gcc "../Src/syscalls.c" -mcpu=cortex-m4 -std=gnu11 -g3 -DSTM32 -DSTM32F4 -DSTM32F411RETx -DDEBUG -DSTM32F411xE -c -I../Inc -I"C:/Users/Israel/Documents/STM32F4-BareMetal_Workspace/2_gpio_output/Drivers/CMSIS/Device/ST/STM32F4xx/Include" -I"C:/Users/Israel/Documents/STM32F4-BareMetal_Workspace/2_gpio_output/Drivers/CMSIS/Include" -O0 -ffunction-sections -fdata-sections -Wall -fstack-usage -MMD -MP -MF"Src/syscalls.d" -MT"Src/syscalls.o" --specs=nano.specs -mfpu=fpv4-sp-d16 -mfloat-abi=hard -mthumb -o "Src/syscalls.o"
arm-none-eabi-gcc "../Src/sysmem.c" -mcpu=cortex-m4 -std=gnu11 -g3 -DSTM32 -DSTM32F4 -DSTM32F411RETx -DDEBUG -DSTM32F411xE -c -I../Inc -I"C:/Users/Israel/Documents/STM32F4-BareMetal_Workspace/2_gpio_output/Drivers/CMSIS/Device/ST/STM32F4xx/Include" -I"C:/Users/Israel/Documents/STM32F4-BareMetal_Workspace/2_gpio_output/Drivers/CMSIS/Include" -O0 -ffunction-sections -fdata-sections -Wall -fstack-usage -MMD -MP -MF"Src/sysmem.d" -MT"Src/sysmem.o" --specs=nano.specs -mfpu=fpv4-sp-d16 -mfloat-abi=hard -mthumb -o "Src/sysmem.o"
arm-none-eabi-gcc -o "2_gpio_output.elf" @"objects.list"   -mcpu=cortex-m4 -T"C:\Users\Israel\Documents\STM32F4-BareMetal_Workspace\2_gpio_output\STM32F411RETX_FLASH.ld" --specs=nosys.specs -Wl,-Map="2_gpio_output.map" -Wl,--gc-sections -static --specs=nano.specs -mfpu=fpv4-sp-d16 -mfloat-abi=hard -mthumb -Wl,--start-group -lc -lm -Wl,--end-group
Finished building target: 2_gpio_output.elf
 
arm-none-eabi-objdump -h -S  2_gpio_output.elf  > "2_gpio_output.list"
arm-none-eabi-objcopy  -O binary  2_gpio_output.elf  "2_gpio_output.bin"
arm-none-eabi-size   2_gpio_output.elf 
   text	   data	    bss	    dec	    hex	filename
    740	      8	   1568	   2316	    90c	2_gpio_output.elf
Finished building: default.size.stdout
Finished building: 2_gpio_output.bin
 
Finished building: 2_gpio_output.list
 
 

20:37:42 Build Finished. 0 errors, 0 warnings. (took 2s.175ms)

