20:46:36 **** Incremental Build of configuration Debug for project 4_gpio_input ****
make -j4 all 
arm-none-eabi-gcc -mcpu=cortex-m4 -g3 -c -x assembler-with-cpp -MMD -MP -MF"Startup/startup_stm32f411retx.d" -MT"Startup/startup_stm32f411retx.o" --specs=nano.specs -mfpu=fpv4-sp-d16 -mfloat-abi=hard -mthumb -o "Startup/startup_stm32f411retx.o" "../Startup/startup_stm32f411retx.s"
arm-none-eabi-gcc "../Src/main.c" -mcpu=cortex-m4 -std=gnu11 -g3 -DSTM32 -DSTM32F4 -DSTM32F411RETx -DDEBUG -DSTM32F411xE -c -I../Inc -I"C:/Users/Israel/Documents/STM32F4-BareMetal_Workspace/4_gpio_input/Drivers/CMSIS/Device/ST/STM32F4xx/Include" -I"C:/Users/Israel/Documents/STM32F4-BareMetal_Workspace/4_gpio_input/Drivers/CMSIS/Include" -O0 -ffunction-sections -fdata-sections -Wall -fstack-usage -MMD -MP -MF"Src/main.d" -MT"Src/main.o" --specs=nano.specs -mfpu=fpv4-sp-d16 -mfloat-abi=hard -mthumb -o "Src/main.o"
arm-none-eabi-gcc "../Src/syscalls.c" -mcpu=cortex-m4 -std=gnu11 -g3 -DSTM32 -DSTM32F4 -DSTM32F411RETx -DDEBUG -DSTM32F411xE -c -I../Inc -I"C:/Users/Israel/Documents/STM32F4-BareMetal_Workspace/4_gpio_input/Drivers/CMSIS/Device/ST/STM32F4xx/Include" -I"C:/Users/Israel/Documents/STM32F4-BareMetal_Workspace/4_gpio_input/Drivers/CMSIS/Include" -O0 -ffunction-sections -fdata-sections -Wall -fstack-usage -MMD -MP -MF"Src/syscalls.d" -MT"Src/syscalls.o" --specs=nano.specs -mfpu=fpv4-sp-d16 -mfloat-abi=hard -mthumb -o "Src/syscalls.o"
arm-none-eabi-gcc "../Src/sysmem.c" -mcpu=cortex-m4 -std=gnu11 -g3 -DSTM32 -DSTM32F4 -DSTM32F411RETx -DDEBUG -DSTM32F411xE -c -I../Inc -I"C:/Users/Israel/Documents/STM32F4-BareMetal_Workspace/4_gpio_input/Drivers/CMSIS/Device/ST/STM32F4xx/Include" -I"C:/Users/Israel/Documents/STM32F4-BareMetal_Workspace/4_gpio_input/Drivers/CMSIS/Include" -O0 -ffunction-sections -fdata-sections -Wall -fstack-usage -MMD -MP -MF"Src/sysmem.d" -MT"Src/sysmem.o" --specs=nano.specs -mfpu=fpv4-sp-d16 -mfloat-abi=hard -mthumb -o "Src/sysmem.o"
arm-none-eabi-gcc -o "4_gpio_input.elf" @"objects.list"   -mcpu=cortex-m4 -T"C:\Users\Israel\Documents\STM32F4-BareMetal_Workspace\4_gpio_input\STM32F411RETX_FLASH.ld" --specs=nosys.specs -Wl,-Map="4_gpio_input.map" -Wl,--gc-sections -static --specs=nano.specs -mfpu=fpv4-sp-d16 -mfloat-abi=hard -mthumb -Wl,--start-group -lc -lm -Wl,--end-group
Finished building target: 4_gpio_input.elf
 
arm-none-eabi-objdump -h -S  4_gpio_input.elf  > "4_gpio_input.list"
arm-none-eabi-objcopy  -O binary  4_gpio_input.elf  "4_gpio_input.bin"
arm-none-eabi-size   4_gpio_input.elf 
   text	   data	    bss	    dec	    hex	filename
    772	      8	   1568	   2348	    92c	4_gpio_input.elf
Finished building: default.size.stdout
 
Finished building: 4_gpio_input.bin
Finished building: 4_gpio_input.list
 
 

20:46:43 Build Finished. 0 errors, 0 warnings. (took 7s.86ms)

