17:03:25 **** Build of configuration Debug for project 20_uart_tx_dma ****
make -j8 all 
arm-none-eabi-gcc -mcpu=cortex-m4 -g3 -DDEBUG -c -x assembler-with-cpp -MMD -MP -MF"Startup/startup_stm32f446retx.d" -MT"Startup/startup_stm32f446retx.o" --specs=nano.specs -mfpu=fpv4-sp-d16 -mfloat-abi=hard -mthumb -o "Startup/startup_stm32f446retx.o" "../Startup/startup_stm32f446retx.s"
arm-none-eabi-gcc "../Src/main.c" -mcpu=cortex-m4 -std=gnu11 -g3 -DDEBUG -DSTM32 -DSTM32F4 -DSTM32F446RETx -DNUCLEO_F446RE -DSTM32F446xx -c -I"C:/learning/Udemy/Embedded-Systems-Bare-Metal-Programming-Ground-Up/chip_headers/CMSIS/Device/ST/STM32F4xx/Include" -I"C:/learning/Udemy/Embedded-Systems-Bare-Metal-Programming-Ground-Up/chip_headers/CMSIS/Include" -I../Inc -O0 -ffunction-sections -fdata-sections -Wall -fstack-usage -fcyclomatic-complexity -MMD -MP -MF"Src/main.d" -MT"Src/main.o" --specs=nano.specs -mfpu=fpv4-sp-d16 -mfloat-abi=hard -mthumb -o "Src/main.o"
arm-none-eabi-gcc "../Src/syscalls.c" -mcpu=cortex-m4 -std=gnu11 -g3 -DDEBUG -DSTM32 -DSTM32F4 -DSTM32F446RETx -DNUCLEO_F446RE -DSTM32F446xx -c -I"C:/learning/Udemy/Embedded-Systems-Bare-Metal-Programming-Ground-Up/chip_headers/CMSIS/Device/ST/STM32F4xx/Include" -I"C:/learning/Udemy/Embedded-Systems-Bare-Metal-Programming-Ground-Up/chip_headers/CMSIS/Include" -I../Inc -O0 -ffunction-sections -fdata-sections -Wall -fstack-usage -fcyclomatic-complexity -MMD -MP -MF"Src/syscalls.d" -MT"Src/syscalls.o" --specs=nano.specs -mfpu=fpv4-sp-d16 -mfloat-abi=hard -mthumb -o "Src/syscalls.o"
arm-none-eabi-gcc "../Src/sysmem.c" -mcpu=cortex-m4 -std=gnu11 -g3 -DDEBUG -DSTM32 -DSTM32F4 -DSTM32F446RETx -DNUCLEO_F446RE -DSTM32F446xx -c -I"C:/learning/Udemy/Embedded-Systems-Bare-Metal-Programming-Ground-Up/chip_headers/CMSIS/Device/ST/STM32F4xx/Include" -I"C:/learning/Udemy/Embedded-Systems-Bare-Metal-Programming-Ground-Up/chip_headers/CMSIS/Include" -I../Inc -O0 -ffunction-sections -fdata-sections -Wall -fstack-usage -fcyclomatic-complexity -MMD -MP -MF"Src/sysmem.d" -MT"Src/sysmem.o" --specs=nano.specs -mfpu=fpv4-sp-d16 -mfloat-abi=hard -mthumb -o "Src/sysmem.o"
arm-none-eabi-gcc "../Src/uart.c" -mcpu=cortex-m4 -std=gnu11 -g3 -DDEBUG -DSTM32 -DSTM32F4 -DSTM32F446RETx -DNUCLEO_F446RE -DSTM32F446xx -c -I"C:/learning/Udemy/Embedded-Systems-Bare-Metal-Programming-Ground-Up/chip_headers/CMSIS/Device/ST/STM32F4xx/Include" -I"C:/learning/Udemy/Embedded-Systems-Bare-Metal-Programming-Ground-Up/chip_headers/CMSIS/Include" -I../Inc -O0 -ffunction-sections -fdata-sections -Wall -fstack-usage -fcyclomatic-complexity -MMD -MP -MF"Src/uart.d" -MT"Src/uart.o" --specs=nano.specs -mfpu=fpv4-sp-d16 -mfloat-abi=hard -mthumb -o "Src/uart.o"
arm-none-eabi-gcc -o "20_uart_tx_dma.elf" @"objects.list"   -mcpu=cortex-m4 -T"C:\learning\Udemy\Embedded-Systems-Bare-Metal-Programming-Ground-Up\20_uart_tx_dma\STM32F446RETX_FLASH.ld" --specs=nosys.specs -Wl,-Map="20_uart_tx_dma.map" -Wl,--gc-sections -static --specs=nano.specs -mfpu=fpv4-sp-d16 -mfloat-abi=hard -mthumb -Wl,--start-group -lc -lm -Wl,--end-group
Finished building target: 20_uart_tx_dma.elf
 
arm-none-eabi-size  20_uart_tx_dma.elf 
arm-none-eabi-objdump -h -S 20_uart_tx_dma.elf  > "20_uart_tx_dma.list"
   text	   data	    bss	    dec	    hex	filename
   1492	      0	   1568	   3060	    bf4	20_uart_tx_dma.elf
Finished building: default.size.stdout
 
Finished building: 20_uart_tx_dma.list
 

17:03:28 Build Finished. 0 errors, 0 warnings. (took 3s.120ms)

